mode: set
pruebaBenchmark/saludar/saludar.go:6.29,8.2 1 1
